[www.researchcatalogue.net/view/393791/588232.html]
[backblue.gif]
[fade.gif]
[index.html]
[www.researchcatalogue.net/view/393791/574433.html]
[www.researchcatalogue.net/view/393791/574458.html]
[www.researchcatalogue.net/view/393791/574459.html]
[www.researchcatalogue.net/view/393791/574460.html]
[www.researchcatalogue.net/view/393791/574461.html]
[www.researchcatalogue.net/view/393791/574462.html]
[www.researchcatalogue.net/view/393791/574464.html]
[www.researchcatalogue.net/view/393791/574465.html]
[www.researchcatalogue.net/view/393791/574466.html]
[www.researchcatalogue.net/view/393791/574467.html]
[www.researchcatalogue.net/view/393791/574468.html]
[www.researchcatalogue.net/view/393791/574469.html]
[www.researchcatalogue.net/view/393791/574471.html]
[www.researchcatalogue.net/view/393791/574472.html]
[www.researchcatalogue.net/view/393791/584887.html]
[www.researchcatalogue.net/view/393791/584890.html]
[www.researchcatalogue.net/view/393791/588232.html]
[www.researchcatalogue.net/view/393791/574433.html]
[www.researchcatalogue.net/view/393791/574458.html]
[www.researchcatalogue.net/view/393791/574459.html]
[www.researchcatalogue.net/view/393791/574460.html]
[www.researchcatalogue.net/view/393791/574461.html]
[www.researchcatalogue.net/view/393791/574462.html]
[www.researchcatalogue.net/view/393791/574464.html]
[www.researchcatalogue.net/view/393791/574465.html]
[www.researchcatalogue.net/view/393791/574466.html]
[www.researchcatalogue.net/view/393791/574467.html]
[www.researchcatalogue.net/view/393791/574468.html]
[www.researchcatalogue.net/view/393791/574469.html]
[www.researchcatalogue.net/view/393791/574471.html]
[www.researchcatalogue.net/view/393791/574472.html]
[www.researchcatalogue.net/view/393791/584887.html]
[www.researchcatalogue.net/view/393791/584890.html]
